This file is Note for learngit.
---------------------------------------
author:jimmy-zizauto	date:2018-03-28		version:1.0

1.install git

$ git
The program 'git' is currently not installed. You can install it by typing:
$ sudo apt-get install git

setting:
$ git config --global user.name "your name"
$ git config --global user.email "email@example.com"

create repository:
$ mkdir learngit
$ cd learngit
$ pwd
/home/jike/working/zizauto/learngit
$ git init
Initialized empty Git repository in /home/jike/working/zizauto/learngit/.git/

2.basic operation

$ touch readme.txt
contents:
Git is a  distributed version control system.
Git is free software.

$ git status
# On branch master
# Changes not staged for commit:
#	(use "git add <file>..." to update what will be commited)
#	(use "git checkout -- <file>..." to discard changes in workding directory)
#	
#	modified:	readme.txt
no changes added to commit (use "git add" and/or "git commit -a")

git diff:

$ git diff readme.txt
diff --git a/readme.txt b/readme.txt
index 46d49bf 9247db6 100644
--- a/readme.txt
+++ b/readme.txt
@@ -1,2 +1,2 @@
-Git is a version control system.
+Git is a distributed version control system.
 Git is free software.

$ git add readme.txt
$ git status
$ git commit -m "add distributed"
[master ea34578] add distributed
1 file changed,1 insertion(+),1 deletion(-)
$ git status
# On branch master
nothing to commit (working directory clean)
